TAP version 13
1..159
not ok 1 - .dockerignore
not ok 2 - .editorconfig
not ok 3 - .github/linters/.gitkeep
not ok 4 - .github/workflows/megalinter.yml
not ok 5 - .github/workflows/pages.yml
not ok 6 - .gitignore
not ok 7 - .megalinter.yml
not ok 8 - .pre-commit-config.yaml
not ok 9 - .prettierignore
not ok 10 - .releaserc.yml
not ok 11 - .secrets.baseline
not ok 12 - .vscode/dictionaries/backend-terms.dictionary
not ok 13 - .vscode/dictionaries/devops-cloud-terms.dictionary
not ok 14 - .vscode/dictionaries/frontend-terms.dictionary
not ok 15 - .vscode/dictionaries/programming-terms.dictionary
not ok 16 - .vscode/dictionaries/project-words.dictionary
not ok 17 - .vscode/dictionaries/software-terms.dictionary
not ok 18 - .vscode/extensions.json
not ok 19 - .vscode/launch.json
not ok 20 - .vscode/settings.json
not ok 21 - .vscode/tasks.json
not ok 22 - LICENSE
not ok 23 - config/.ansible-lint
not ok 24 - config/.arm-ttk.psd1
not ok 25 - config/.bandit.yml
not ok 26 - config/.cfnlintrc.yml
not ok 27 - config/.checkmake.ini
not ok 28 - config/.checkov.yml
not ok 29 - config/.chktexrc
not ok 30 - config/.clang-format
not ok 31 - config/.clippy.toml
not ok 32 - config/.clj-kondo/config.edn
not ok 33 - config/.cljstyle
not ok 34 - config/.coffee-lint.json
not ok 35 - config/.commitlint.config.cjs
not ok 36 - config/.cspell.config.mjs
not ok 37 - config/.devskim.json
not ok 38 - config/.ecrc
not ok 39 - config/.editorconfig-checker.json
not ok 40 - config/.eslint.config.mjs
not ok 41 - config/.eslintrc-json.json
not ok 42 - config/.flake8
not ok 43 - config/.flow-scanner.json
not ok 44 - config/.gherkin-lintrc
not ok 45 - config/.gitleaks.toml
not ok 46 - config/.golangci.yml
not ok 47 - config/.groovylintrc.json
not ok 48 - config/.grype.yaml
not ok 49 - config/.hadolint.yaml
not ok 50 - config/.htmlhintrc
not ok 51 - config/.isort.cfg
not ok 52 - config/.jscpd.json
not ok 53 - config/.jsonlintrc
not ok 54 - config/.kics.config.json
not ok 55 - config/.lintr
not ok 56 - config/.ls-lint.yml
not ok 57 - config/.luacheckrc
not ok 58 - config/.lycheeignore
not ok 59 - config/.markdown-link-check.json
not ok 60 - config/.markdownlint.json
not ok 61 - config/.mypy.ini
not ok 62 - config/.npmpackagejsonlintrc.json
not ok 63 - config/.phplint.yml
not ok 64 - config/.powershell-formatter.psd1
not ok 65 - config/.powershell-psscriptanalyzer.psd1
not ok 66 - config/.prettier.config.mjs
not ok 67 - config/.proselintrc
not ok 68 - config/.protolintrc.yml
not ok 69 - config/.puppet-lint.rc
not ok 70 - config/.pylintrc
not ok 71 - config/.remarkrc.json
not ok 72 - config/.revive.toml
not ok 73 - config/.rstcheck.cfg
not ok 74 - config/.ruby-lint.yml
not ok 75 - config/.ruff.toml
not ok 76 - config/.scalafix.conf
not ok 77 - config/.secretlintignore
not ok 78 - config/.secretlintrc.json
not ok 79 - config/.snakefmt.toml
not ok 80 - config/.spectral.yaml
not ok 81 - config/.sqlfluff
not ok 82 - config/.stylelintrc.json
not ok 83 - config/.swiftlint.yml
not ok 84 - config/.syft.yaml
not ok 85 - config/.tektonlintrc.yaml
not ok 86 - config/.tflint.hcl
not ok 87 - config/.trufflehog.yml
not ok 88 - config/.trufflehogignore
not ok 89 - config/.tsqllintrc.json
not ok 90 - config/.v8rrc.yml
not ok 91 - config/.vale.ini
not ok 92 - config/.yamllint.yml
not ok 93 - config/META6.json
not ok 94 - config/analysis_options.yml
not ok 95 - config/apex-pmd-ruleset.xml
not ok 96 - config/apt.conf
not ok 97 - config/dpkg.cfg
not ok 98 - config/java-pmd-ruleset.xml
not ok 99 - config/lychee.toml
not ok 100 - config/lynis/custom.prf
not ok 101 - config/phpcs.xml
not ok 102 - config/phpstan.neon.dist
not ok 103 - config/psalm.xml
not ok 104 - config/pyrightconfig.json
not ok 105 - config/styles/proselint/Airlinese.yml
not ok 106 - config/styles/proselint/AnimalLabels.yml
not ok 107 - config/styles/proselint/Annotations.yml
not ok 108 - config/styles/proselint/Apologizing.yml
not ok 109 - config/styles/proselint/Archaisms.yml
not ok 110 - config/styles/proselint/But.yml
not ok 111 - config/styles/proselint/Cliches.yml
not ok 112 - config/styles/proselint/CorporateSpeak.yml
not ok 113 - config/styles/proselint/Currency.yml
not ok 114 - config/styles/proselint/Cursing.yml
not ok 115 - config/styles/proselint/DateCase.yml
not ok 116 - config/styles/proselint/DateMidnight.yml
not ok 117 - config/styles/proselint/DateRedundancy.yml
not ok 118 - config/styles/proselint/DateSpacing.yml
not ok 119 - config/styles/proselint/DenizenLabels.yml
not ok 120 - config/styles/proselint/Diacritical.yml
not ok 121 - config/styles/proselint/GenderBias.yml
not ok 122 - config/styles/proselint/GroupTerms.yml
not ok 123 - config/styles/proselint/Hedging.yml
not ok 124 - config/styles/proselint/Hyperbole.yml
not ok 125 - config/styles/proselint/Jargon.yml
not ok 126 - config/styles/proselint/LGBTOffensive.yml
not ok 127 - config/styles/proselint/LGBTTerms.yml
not ok 128 - config/styles/proselint/Malapropisms.yml
not ok 129 - config/styles/proselint/Needless.yml
not ok 130 - config/styles/proselint/Nonwords.yml
not ok 131 - config/styles/proselint/Oxymorons.yml
not ok 132 - config/styles/proselint/P-Value.yml
not ok 133 - config/styles/proselint/RASSyndrome.yml
not ok 134 - config/styles/proselint/README.md
not ok 135 - config/styles/proselint/Skunked.yml
not ok 136 - config/styles/proselint/Spelling.yml
not ok 137 - config/styles/proselint/Typography.yml
not ok 138 - config/styles/proselint/Uncomparables.yml
not ok 139 - config/styles/proselint/Very.yml
not ok 140 - config/styles/proselint/meta.json
not ok 141 - config/styles/write-good/Cliches.yml
not ok 142 - config/styles/write-good/E-Prime.yml
not ok 143 - config/styles/write-good/Illusions.yml
not ok 144 - config/styles/write-good/Passive.yml
not ok 145 - config/styles/write-good/README.md
not ok 146 - config/styles/write-good/So.yml
not ok 147 - config/styles/write-good/ThereIs.yml
not ok 148 - config/styles/write-good/TooWordy.yml
not ok 149 - config/styles/write-good/Weasel.yml
not ok 150 - config/styles/write-good/meta.json
not ok 151 - config/sun_checks.xml
not ok 152 - config/terragrunt.hcl
not ok 153 - config/terrascan-config.toml
not ok 154 - config/trivy-sbom.yaml
not ok 155 - config/trivy.yaml
not ok 156 - docs/CNAME
not ok 157 - docs/favicon.ico
not ok 158 - docs/index.html
not ok 159 - signal.code-workspace
