TAP version 13
1..66
not ok 1 - .github/workflows/megalinter.yml
not ok 2 - .github/workflows/pages.yml
not ok 3 - .megalinter.yml
not ok 4 - .pre-commit-config.yaml
not ok 5 - .releaserc.yml
not ok 6 - config/.bandit.yml
not ok 7 - config/.cfnlintrc.yml
not ok 8 - config/.checkov.yml
not ok 9 - config/.golangci.yml
not ok 10 - config/.grype.yaml
not ok 11 - config/.hadolint.yaml
not ok 12 - config/.phplint.yml
not ok 13 - config/.protolintrc.yml
not ok 14 - config/.ruby-lint.yml
not ok 15 - config/.spectral.yaml
not ok 16 - config/.swiftlint.yml
not ok 17 - config/.syft.yaml
not ok 18 - config/.tektonlintrc.yaml
not ok 19 - config/.trufflehog.yml
not ok 20 - config/.v8rrc.yml
not ok 21 - config/.yamllint.yml
not ok 22 - config/analysis_options.yml
not ok 23 - config/styles/proselint/Airlinese.yml
not ok 24 - config/styles/proselint/AnimalLabels.yml
not ok 25 - config/styles/proselint/Annotations.yml
not ok 26 - config/styles/proselint/Apologizing.yml
not ok 27 - config/styles/proselint/Archaisms.yml
not ok 28 - config/styles/proselint/But.yml
not ok 29 - config/styles/proselint/Cliches.yml
not ok 30 - config/styles/proselint/CorporateSpeak.yml
not ok 31 - config/styles/proselint/Currency.yml
not ok 32 - config/styles/proselint/Cursing.yml
not ok 33 - config/styles/proselint/DateCase.yml
not ok 34 - config/styles/proselint/DateMidnight.yml
not ok 35 - config/styles/proselint/DateRedundancy.yml
not ok 36 - config/styles/proselint/DateSpacing.yml
not ok 37 - config/styles/proselint/DenizenLabels.yml
not ok 38 - config/styles/proselint/Diacritical.yml
not ok 39 - config/styles/proselint/GenderBias.yml
not ok 40 - config/styles/proselint/GroupTerms.yml
not ok 41 - config/styles/proselint/Hedging.yml
not ok 42 - config/styles/proselint/Hyperbole.yml
not ok 43 - config/styles/proselint/Jargon.yml
not ok 44 - config/styles/proselint/LGBTOffensive.yml
not ok 45 - config/styles/proselint/LGBTTerms.yml
not ok 46 - config/styles/proselint/Malapropisms.yml
not ok 47 - config/styles/proselint/Needless.yml
not ok 48 - config/styles/proselint/Nonwords.yml
not ok 49 - config/styles/proselint/Oxymorons.yml
not ok 50 - config/styles/proselint/P-Value.yml
not ok 51 - config/styles/proselint/RASSyndrome.yml
not ok 52 - config/styles/proselint/Skunked.yml
not ok 53 - config/styles/proselint/Spelling.yml
not ok 54 - config/styles/proselint/Typography.yml
not ok 55 - config/styles/proselint/Uncomparables.yml
not ok 56 - config/styles/proselint/Very.yml
not ok 57 - config/styles/write-good/Cliches.yml
not ok 58 - config/styles/write-good/E-Prime.yml
not ok 59 - config/styles/write-good/Illusions.yml
not ok 60 - config/styles/write-good/Passive.yml
not ok 61 - config/styles/write-good/So.yml
not ok 62 - config/styles/write-good/ThereIs.yml
not ok 63 - config/styles/write-good/TooWordy.yml
not ok 64 - config/styles/write-good/Weasel.yml
not ok 65 - config/trivy-sbom.yaml
not ok 66 - config/trivy.yaml
