TAP version 13
1..78
ok 1 - .dockerignore
ok 2 - .editorconfig
ok 3 - .github/linters/.gitkeep
ok 4 - .github/workflows/megalinter.yml
ok 5 - .github/workflows/pages.yml
ok 6 - .gitignore
ok 7 - .megalinter.yml
ok 8 - .pre-commit-config.yaml
ok 9 - .prettierignore
ok 10 - .releaserc.yml
not ok 11 - .secrets.baseline
ok 12 - LICENSE
ok 13 - config/.v8rrc.yml
not ok 14 - config/META6.json
ok 15 - config/analysis_options.yml
not ok 16 - config/apex-pmd-ruleset.xml
ok 17 - config/apt.conf
ok 18 - config/dpkg.cfg
not ok 19 - config/java-pmd-ruleset.xml
ok 20 - config/lychee.toml
ok 21 - config/lynis/custom.prf
ok 22 - config/phpcs.xml
ok 23 - config/phpstan.neon.dist
not ok 24 - config/psalm.xml
not ok 25 - config/pyrightconfig.json
ok 26 - config/styles/proselint/Airlinese.yml
ok 27 - config/styles/proselint/AnimalLabels.yml
ok 28 - config/styles/proselint/Annotations.yml
ok 29 - config/styles/proselint/Apologizing.yml
ok 30 - config/styles/proselint/Archaisms.yml
ok 31 - config/styles/proselint/But.yml
ok 32 - config/styles/proselint/Cliches.yml
ok 33 - config/styles/proselint/CorporateSpeak.yml
ok 34 - config/styles/proselint/Currency.yml
ok 35 - config/styles/proselint/Cursing.yml
ok 36 - config/styles/proselint/DateCase.yml
ok 37 - config/styles/proselint/DateMidnight.yml
ok 38 - config/styles/proselint/DateRedundancy.yml
ok 39 - config/styles/proselint/DateSpacing.yml
ok 40 - config/styles/proselint/DenizenLabels.yml
ok 41 - config/styles/proselint/Diacritical.yml
ok 42 - config/styles/proselint/GenderBias.yml
ok 43 - config/styles/proselint/GroupTerms.yml
ok 44 - config/styles/proselint/Hedging.yml
ok 45 - config/styles/proselint/Hyperbole.yml
ok 46 - config/styles/proselint/Jargon.yml
ok 47 - config/styles/proselint/LGBTOffensive.yml
ok 48 - config/styles/proselint/LGBTTerms.yml
ok 49 - config/styles/proselint/Malapropisms.yml
ok 50 - config/styles/proselint/Needless.yml
ok 51 - config/styles/proselint/Nonwords.yml
ok 52 - config/styles/proselint/Oxymorons.yml
ok 53 - config/styles/proselint/P-Value.yml
not ok 54 - config/styles/proselint/RASSyndrome.yml
ok 55 - config/styles/proselint/README.md
ok 56 - config/styles/proselint/Skunked.yml
ok 57 - config/styles/proselint/Spelling.yml
ok 58 - config/styles/proselint/Typography.yml
not ok 59 - config/styles/proselint/Uncomparables.yml
ok 60 - config/styles/proselint/Very.yml
not ok 61 - config/styles/proselint/meta.json
ok 62 - config/styles/write-good/Cliches.yml
ok 63 - config/styles/write-good/E-Prime.yml
ok 64 - config/styles/write-good/Illusions.yml
ok 65 - config/styles/write-good/Passive.yml
ok 66 - config/styles/write-good/README.md
ok 67 - config/styles/write-good/So.yml
ok 68 - config/styles/write-good/ThereIs.yml
ok 69 - config/styles/write-good/TooWordy.yml
ok 70 - config/styles/write-good/Weasel.yml
not ok 71 - config/styles/write-good/meta.json
ok 72 - config/sun_checks.xml
ok 73 - config/terragrunt.hcl
ok 74 - config/terrascan-config.toml
ok 75 - config/trivy-sbom.yaml
ok 76 - config/trivy.yaml
ok 77 - docs/CNAME
ok 78 - docs/index.html
