TAP version 13
1..51
ok 1 - .github/workflows/megalinter.yml
ok 2 - .github/workflows/pages.yml
ok 3 - .megalinter.yml
ok 4 - .pre-commit-config.yaml
ok 5 - .releaserc.yml
ok 6 - config/.v8rrc.yml
ok 7 - config/analysis_options.yml
ok 8 - config/styles/proselint/Airlinese.yml
ok 9 - config/styles/proselint/AnimalLabels.yml
ok 10 - config/styles/proselint/Annotations.yml
ok 11 - config/styles/proselint/Apologizing.yml
ok 12 - config/styles/proselint/Archaisms.yml
ok 13 - config/styles/proselint/But.yml
ok 14 - config/styles/proselint/Cliches.yml
ok 15 - config/styles/proselint/CorporateSpeak.yml
ok 16 - config/styles/proselint/Currency.yml
ok 17 - config/styles/proselint/Cursing.yml
ok 18 - config/styles/proselint/DateCase.yml
ok 19 - config/styles/proselint/DateMidnight.yml
ok 20 - config/styles/proselint/DateRedundancy.yml
ok 21 - config/styles/proselint/DateSpacing.yml
ok 22 - config/styles/proselint/DenizenLabels.yml
ok 23 - config/styles/proselint/Diacritical.yml
ok 24 - config/styles/proselint/GenderBias.yml
ok 25 - config/styles/proselint/GroupTerms.yml
ok 26 - config/styles/proselint/Hedging.yml
ok 27 - config/styles/proselint/Hyperbole.yml
ok 28 - config/styles/proselint/Jargon.yml
ok 29 - config/styles/proselint/LGBTOffensive.yml
ok 30 - config/styles/proselint/LGBTTerms.yml
ok 31 - config/styles/proselint/Malapropisms.yml
ok 32 - config/styles/proselint/Needless.yml
ok 33 - config/styles/proselint/Nonwords.yml
ok 34 - config/styles/proselint/Oxymorons.yml
ok 35 - config/styles/proselint/P-Value.yml
ok 36 - config/styles/proselint/RASSyndrome.yml
ok 37 - config/styles/proselint/Skunked.yml
ok 38 - config/styles/proselint/Spelling.yml
ok 39 - config/styles/proselint/Typography.yml
ok 40 - config/styles/proselint/Uncomparables.yml
ok 41 - config/styles/proselint/Very.yml
ok 42 - config/styles/write-good/Cliches.yml
ok 43 - config/styles/write-good/E-Prime.yml
ok 44 - config/styles/write-good/Illusions.yml
ok 45 - config/styles/write-good/Passive.yml
ok 46 - config/styles/write-good/So.yml
ok 47 - config/styles/write-good/ThereIs.yml
ok 48 - config/styles/write-good/TooWordy.yml
ok 49 - config/styles/write-good/Weasel.yml
ok 50 - config/trivy-sbom.yaml
ok 51 - config/trivy.yaml
