TAP version 13
1..93
not ok 1 - .github/workflows/megalinter.yml
not ok 2 - .github/workflows/pages.yml
not ok 3 - .megalinter.yml
not ok 4 - .pre-commit-config.yaml
not ok 5 - .releaserc.yml
not ok 6 - .vscode/extensions.json
not ok 7 - .vscode/launch.json
not ok 8 - .vscode/settings.json
not ok 9 - .vscode/tasks.json
not ok 10 - config/.bandit.yml
not ok 11 - config/.cfnlintrc.yml
not ok 12 - config/.checkov.yml
not ok 13 - config/.coffee-lint.json
not ok 14 - config/.devskim.json
not ok 15 - config/.editorconfig-checker.json
not ok 16 - config/.eslintrc-json.json
not ok 17 - config/.flow-scanner.json
not ok 18 - config/.golangci.yml
not ok 19 - config/.groovylintrc.json
not ok 20 - config/.grype.yaml
not ok 21 - config/.hadolint.yaml
not ok 22 - config/.jscpd.json
not ok 23 - config/.kics.config.json
not ok 24 - config/.ls-lint.yml
not ok 25 - config/.markdown-link-check.json
not ok 26 - config/.markdownlint.json
not ok 27 - config/.npmpackagejsonlintrc.json
not ok 28 - config/.phplint.yml
not ok 29 - config/.protolintrc.yml
not ok 30 - config/.remarkrc.json
not ok 31 - config/.ruby-lint.yml
not ok 32 - config/.secretlintrc.json
not ok 33 - config/.spectral.yaml
not ok 34 - config/.stylelintrc.json
not ok 35 - config/.swiftlint.yml
not ok 36 - config/.syft.yaml
not ok 37 - config/.tektonlintrc.yaml
not ok 38 - config/.trufflehog.yml
not ok 39 - config/.tsqllintrc.json
not ok 40 - config/.v8rrc.yml
not ok 41 - config/.yamllint.yml
not ok 42 - config/META6.json
not ok 43 - config/analysis_options.yml
not ok 44 - config/pyrightconfig.json
not ok 45 - config/styles/proselint/Airlinese.yml
not ok 46 - config/styles/proselint/AnimalLabels.yml
not ok 47 - config/styles/proselint/Annotations.yml
not ok 48 - config/styles/proselint/Apologizing.yml
not ok 49 - config/styles/proselint/Archaisms.yml
not ok 50 - config/styles/proselint/But.yml
not ok 51 - config/styles/proselint/Cliches.yml
not ok 52 - config/styles/proselint/CorporateSpeak.yml
not ok 53 - config/styles/proselint/Currency.yml
not ok 54 - config/styles/proselint/Cursing.yml
not ok 55 - config/styles/proselint/DateCase.yml
not ok 56 - config/styles/proselint/DateMidnight.yml
not ok 57 - config/styles/proselint/DateRedundancy.yml
not ok 58 - config/styles/proselint/DateSpacing.yml
not ok 59 - config/styles/proselint/DenizenLabels.yml
not ok 60 - config/styles/proselint/Diacritical.yml
not ok 61 - config/styles/proselint/GenderBias.yml
not ok 62 - config/styles/proselint/GroupTerms.yml
not ok 63 - config/styles/proselint/Hedging.yml
not ok 64 - config/styles/proselint/Hyperbole.yml
not ok 65 - config/styles/proselint/Jargon.yml
not ok 66 - config/styles/proselint/LGBTOffensive.yml
not ok 67 - config/styles/proselint/LGBTTerms.yml
not ok 68 - config/styles/proselint/Malapropisms.yml
not ok 69 - config/styles/proselint/Needless.yml
not ok 70 - config/styles/proselint/Nonwords.yml
not ok 71 - config/styles/proselint/Oxymorons.yml
not ok 72 - config/styles/proselint/P-Value.yml
not ok 73 - config/styles/proselint/RASSyndrome.yml
not ok 74 - config/styles/proselint/README.md
not ok 75 - config/styles/proselint/Skunked.yml
not ok 76 - config/styles/proselint/Spelling.yml
not ok 77 - config/styles/proselint/Typography.yml
not ok 78 - config/styles/proselint/Uncomparables.yml
not ok 79 - config/styles/proselint/Very.yml
not ok 80 - config/styles/proselint/meta.json
not ok 81 - config/styles/write-good/Cliches.yml
not ok 82 - config/styles/write-good/E-Prime.yml
not ok 83 - config/styles/write-good/Illusions.yml
not ok 84 - config/styles/write-good/Passive.yml
not ok 85 - config/styles/write-good/README.md
not ok 86 - config/styles/write-good/So.yml
not ok 87 - config/styles/write-good/ThereIs.yml
not ok 88 - config/styles/write-good/TooWordy.yml
not ok 89 - config/styles/write-good/Weasel.yml
not ok 90 - config/styles/write-good/meta.json
not ok 91 - config/trivy-sbom.yaml
not ok 92 - config/trivy.yaml
not ok 93 - docs/index.html
